<div>
  <div
    class="relative grid"
    style="grid-template-columns: minmax(148px, 148px) repeat(5, 128px); grid-template-rows: repeat(4, 40px);"
  >
    <div />
    <div
      class="p-2 flex justify-center"
    >
      <h1
        class="text-l font-semibold"
      >
        <a
          class="text-primary underline"
          href="/account/W2IZ3EHDRW2IQNPC33CI2CXSLMFCFICVKQVWIYLJWXCTD765RW47ONNCEY"
        >
          <abbr
            title="W2IZ3EHDRW2IQNPC33CI2CXSLMFCFICVKQVWIYLJWXCTD765RW47ONNCEY"
          >
            W2IZ...NCEY
          </abbr>
        </a>
      </h1>
    </div>
    <div
      class="p-2 flex justify-center"
    >
      <h1
        class="text-l font-semibold"
      >
        <a
          class="text-primary underline"
          href="/application/971368268"
        >
          971368268
        </a>
      </h1>
    </div>
    <div
      class="p-2 flex justify-center"
    >
      <h1
        class="text-l font-semibold"
      >
        <a
          class="text-primary underline"
          href="/account/2ZPNLKXWCOUJ2ONYWZEIWOUYRXL36VCIBGJ4ZJ2AAGET5SIRTHKSNFDJJ4"
        >
          <abbr
            title="2ZPNLKXWCOUJ2ONYWZEIWOUYRXL36VCIBGJ4ZJ2AAGET5SIRTHKSNFDJJ4"
          >
            2ZPN...DJJ4
          </abbr>
        </a>
      </h1>
    </div>
    <div
      class="p-2 flex justify-center"
    >
      <h1
        class="text-l font-semibold"
      >
        <a
          class="text-primary underline"
          href="/application/971350278"
        >
          971350278
        </a>
      </h1>
    </div>
    <div
      class="p-2 flex justify-center"
    >
      <h1
        class="text-l font-semibold"
      >
        <a
          class="text-primary underline"
          href="/account/"
        >
          <abbr
            title=""
          />
        </a>
      </h1>
    </div>
    <div
      class="absolute left-0"
      style="top: 40px;"
    >
      <div>
        <div
          class="p-0"
        />
        <div
          class="p-0"
          style="height: 120px; width: 640px;"
        >
          <div
            class="grid h-full"
            style="grid-template-columns: minmax(148px, 148px) repeat(5, 128px); height: 120px;"
          >
            <div />
            <div
              class="flex justify-center"
            >
              <div
                class="border-muted h-full border-dashed"
                style="border-left-width: 2px;"
              />
            </div>
            <div
              class="flex justify-center"
            >
              <div
                class="border-muted h-full border-dashed"
                style="border-left-width: 2px;"
              />
            </div>
            <div
              class="flex justify-center"
            >
              <div
                class="border-muted h-full border-dashed"
                style="border-left-width: 2px;"
              />
            </div>
            <div
              class="flex justify-center"
            >
              <div
                class="border-muted h-full border-dashed"
                style="border-left-width: 2px;"
              />
            </div>
          </div>
        </div>
      </div>
    </div>
    <div
      class="p-0 relative pr-8"
    >
      <div
        class="relative h-full p-0 flex items-center px-0"
        style="margin-left: 0px;"
      >
        <div
          class="inline"
          style="margin-left: 16px;"
        >
          <a
            class="text-primary underline inline"
            href="/transaction/KMNBSQ4ZFX252G7S4VYR4ZDZ3RXIET5CNYQVJUO5OXXPMHAMJCCQ"
          >
            <abbr
              title="KMNBSQ4ZFX252G7S4VYR4ZDZ3RXIET5CNYQVJUO5OXXPMHAMJCCQ"
            >
              KMNBSQ4...
            </abbr>
          </a>
        </div>
        <div
          class="w-2 border-primary rounded-tl-lg absolute left-0"
          style="border-left-width: 2px; border-top-width: 2px; height: calc(50% + 2px); top: calc(50% - 2px);"
        />
      </div>
    </div>
    <div
      class="flex items-center justify-center z-10"
      data-state="closed"
      style="grid-column-start: 2; grid-column-end: 4; color: rgb(126 200 191);"
    >
      <svg
        height="20"
        viewBox="0 0 21 21"
        width="20"
        xmlns="http://www.w3.org/2000/svg"
        xmlns:xlink="http://www.w3.org/1999/xlink"
      >
        <g
          transform="matrix(1 0 0 1 -153 -143 )"
        >
          <path
            d="M 163.5 143  C 169.38 143  174 147.62  174 153.5  C 174 159.38  169.38 164  163.5 164  C 157.62 164  153 159.38  153 153.5  C 153 147.62  157.62 143  163.5 143  Z "
            fill="currentColor"
            fill-rule="nonzero"
            stroke="none"
          />
        </g>
      </svg>
      <div
        class="relative"
        style="width: calc(50.00% - 20px); height: 20px;"
      >
        <div
          class="h-1/2"
          style="border-bottom-width: 2px;"
        />
        <svg
          class="absolute top-0 right-0"
          height="19px"
          preserveAspectRatio="xMinYMid meet"
          viewBox="340 139 1 13"
          width="11px"
          xmlns="http://www.w3.org/2000/svg"
          xmlns:xlink="http://www.w3.org/1999/xlink"
        >
          <path
            d="M 340.3 151.3 L 347 145.3 L 340.3 139.3 L 342.6 145.3 L 340.3 151.3 Z"
            fill="currentColor"
            fill-rule="nonzero"
            stroke="none"
          />
        </svg>
      </div>
      <div
        class="absolute z-20 bg-card p-2 text-foreground w-20 text-xs text-center"
      >
        App Call
      </div>
      <svg
        height="20"
        viewBox="0 0 21 21"
        width="20"
        xmlns="http://www.w3.org/2000/svg"
        xmlns:xlink="http://www.w3.org/1999/xlink"
      >
        <g
          transform="matrix(1 0 0 1 -153 -143 )"
        >
          <path
            d="M 163.5 143  C 169.38 143  174 147.62  174 153.5  C 174 159.38  169.38 164  163.5 164  C 157.62 164  153 159.38  153 153.5  C 153 147.62  157.62 143  163.5 143  Z "
            fill="currentColor"
            fill-rule="nonzero"
            stroke="none"
          />
        </g>
      </svg>
    </div>
    <div />
    <div />
    <div />
    <div
      class="p-0 relative pr-8"
    >
      <div
        class="relative h-full p-0 flex items-center px-0"
        style="margin-left: 0px;"
      >
        <div
          class="border-primary rounded-bl-lg h-1/2 absolute top-0 left-0"
          style="border-left-width: 2px; border-bottom-width: 2px; width: 28px;"
        />
        <div
          class="inline"
          style="margin-left: 28px;"
        >
          <a
            class="text-primary underline"
            href="/transaction/KMNBSQ4ZFX252G7S4VYR4ZDZ3RXIET5CNYQVJUO5OXXPMHAMJCCQ/inner/1"
          >
            Inner 1
          </a>
        </div>
        <div
          class="border-primary absolute left-0"
          style="width: 28px; border-left-width: 2px; height: calc(50% + 2px); top: calc(50% - 2px);"
        />
      </div>
    </div>
    <div
      class="flex items-center justify-center z-10"
      data-state="closed"
      style="grid-column-start: 2; grid-column-end: 5; color: rgb(126 200 191);"
    >
      <svg
        height="20"
        viewBox="0 0 21 21"
        width="20"
        xmlns="http://www.w3.org/2000/svg"
        xmlns:xlink="http://www.w3.org/1999/xlink"
      >
        <g
          transform="matrix(1 0 0 1 -153 -143 )"
        >
          <path
            d="M 163.5 143  C 169.38 143  174 147.62  174 153.5  C 174 159.38  169.38 164  163.5 164  C 157.62 164  153 159.38  153 153.5  C 153 147.62  157.62 143  163.5 143  Z "
            fill="currentColor"
            fill-rule="nonzero"
            stroke="none"
          />
        </g>
      </svg>
      <div
        class="relative"
        style="width: calc(66.67% - 20px); height: 20px;"
      >
        <svg
          class="absolute top-0 left-0"
          height="19px"
          preserveAspectRatio="xMinYMid meet"
          viewBox="159 229 7 10"
          width="11px"
          xmlns="http://www.w3.org/2000/svg"
          xmlns:xlink="http://www.w3.org/1999/xlink"
        >
          <path
            d="M 165.8 228.1 L 159.1 234.1 L 165.8 240.1 L 163.5 234.1 L 165.8 228.1 Z"
            fill="currentColor"
            fill-rule="nonzero"
            stroke="none"
          />
        </svg>
        <div
          class="h-1/2"
          style="border-bottom-width: 2px;"
        />
      </div>
      <div
        class="absolute z-20 bg-card p-2 text-foreground w-20 text-xs text-center"
      >
        Payment
        <div
          class="inline-flex gap-0.5"
        >
          236.706032
          <svg
            class="h-auto w-2.5"
            height="1em"
            viewBox="0 0 10 10"
            width="1em"
            xmlns="http://www.w3.org/2000/svg"
            xmlns:xlink="http://www.w3.org/1999/xlink"
          >
            <g
              transform="matrix(1 0 0 1 -446 -347 )"
            >
              <path
                d="M 1.7460317460317463 10  L 3.192239858906526 7.495590828924162  L 4.638447971781305 5  L 6.075837742504408 2.495590828924162  L 6.313932980599648 2.0987654320987654  L 6.419753086419753 2.495590828924162  L 6.860670194003527 4.144620811287478  L 6.3668430335097 5  L 4.920634920634921 7.495590828924162  L 3.4832451499118164 10  L 5.211640211640212 10  L 6.657848324514991 7.495590828924162  L 7.4074074074074066 6.1992945326278655  L 7.760141093474426 7.495590828924162  L 8.430335097001764 10  L 9.982363315696649 10  L 9.312169312169312 7.495590828924162  L 8.641975308641975 5  L 8.465608465608465 4.356261022927689  L 9.541446208112875 2.495590828924162  L 7.971781305114638 2.495590828924162  L 7.9188712522045845 2.310405643738977  L 7.372134038800706 0.26455026455026454  L 7.301587301587301 0  L 5.793650793650793 0  L 5.758377425044091 0.05291005291005291  L 4.347442680776014 2.495590828924162  L 2.901234567901235 5  L 1.4638447971781305 7.495590828924162  L 0.017636684303351177 10  L 1.7460317460317463 10  Z "
                fill="currentColor"
                fill-rule="nonzero"
                stroke="none"
                transform="matrix(1 0 0 1 446 347 )"
              />
            </g>
          </svg>
        </div>
      </div>
      <svg
        height="20"
        viewBox="0 0 21 21"
        width="20"
        xmlns="http://www.w3.org/2000/svg"
        xmlns:xlink="http://www.w3.org/1999/xlink"
      >
        <g
          transform="matrix(1 0 0 1 -153 -143 )"
        >
          <path
            d="M 163.5 143  C 169.38 143  174 147.62  174 153.5  C 174 159.38  169.38 164  163.5 164  C 157.62 164  153 159.38  153 153.5  C 153 147.62  157.62 143  163.5 143  Z "
            fill="currentColor"
            fill-rule="nonzero"
            stroke="none"
          />
        </g>
      </svg>
    </div>
    <div />
    <div />
    <div
      class="p-0 relative pr-8"
    >
      <div
        class="relative h-full p-0 flex items-center px-0"
        style="margin-left: 0px;"
      >
        <div
          class="border-primary rounded-bl-lg h-1/2 absolute top-0 left-0"
          style="border-left-width: 2px; border-bottom-width: 2px; width: 28px;"
        />
        <div
          class="inline"
          style="margin-left: 28px;"
        >
          <a
            class="text-primary underline"
            href="/transaction/KMNBSQ4ZFX252G7S4VYR4ZDZ3RXIET5CNYQVJUO5OXXPMHAMJCCQ/inner/2"
          >
            Inner 2
          </a>
        </div>
      </div>
    </div>
    <div />
    <div />
    <div
      class="flex items-center justify-center z-10"
      data-state="closed"
      style="grid-column-start: 4; grid-column-end: 6; color: rgb(126 200 191);"
    >
      <svg
        height="20"
        viewBox="0 0 21 21"
        width="20"
        xmlns="http://www.w3.org/2000/svg"
        xmlns:xlink="http://www.w3.org/1999/xlink"
      >
        <g
          transform="matrix(1 0 0 1 -153 -143 )"
        >
          <path
            d="M 163.5 143  C 169.38 143  174 147.62  174 153.5  C 174 159.38  169.38 164  163.5 164  C 157.62 164  153 159.38  153 153.5  C 153 147.62  157.62 143  163.5 143  Z "
            fill="currentColor"
            fill-rule="nonzero"
            stroke="none"
          />
        </g>
      </svg>
      <div
        class="relative"
        style="width: calc(50.00% - 20px); height: 20px;"
      >
        <div
          class="h-1/2"
          style="border-bottom-width: 2px;"
        />
        <svg
          class="absolute top-0 right-0"
          height="19px"
          preserveAspectRatio="xMinYMid meet"
          viewBox="340 139 1 13"
          width="11px"
          xmlns="http://www.w3.org/2000/svg"
          xmlns:xlink="http://www.w3.org/1999/xlink"
        >
          <path
            d="M 340.3 151.3 L 347 145.3 L 340.3 139.3 L 342.6 145.3 L 340.3 151.3 Z"
            fill="currentColor"
            fill-rule="nonzero"
            stroke="none"
          />
        </svg>
      </div>
      <div
        class="absolute z-20 bg-card p-2 text-foreground w-20 text-xs text-center"
      >
        App Call
      </div>
      <svg
        height="20"
        viewBox="0 0 21 21"
        width="20"
        xmlns="http://www.w3.org/2000/svg"
        xmlns:xlink="http://www.w3.org/1999/xlink"
      >
        <g
          transform="matrix(1 0 0 1 -153 -143 )"
        >
          <path
            d="M 163.5 143  C 169.38 143  174 147.62  174 153.5  C 174 159.38  169.38 164  163.5 164  C 157.62 164  153 159.38  153 153.5  C 153 147.62  157.62 143  163.5 143  Z "
            fill="currentColor"
            fill-rule="nonzero"
            stroke="none"
          />
        </g>
      </svg>
    </div>
    <div />
  </div>
</div>