<div>
  <div
    class="relative grid overflow-auto"
    style="grid-template-columns: minmax(128px, 128px) repeat(3, 128px); grid-template-rows: repeat(2, 40px);"
  >
    <div />
    <div
      class="p-2 flex justify-center"
    >
      <h1
        class="text-l font-semibold"
      >
        6MO6...HSJM
      </h1>
    </div>
    <div
      class="p-2 flex justify-center"
    >
      <h1
        class="text-l font-semibold"
      >
        OCD5...4IFA
      </h1>
    </div>
    <div
      class="p-2 flex justify-center"
    >
      <h1
        class="text-l font-semibold"
      />
    </div>
    <div
      class="absolute left-0"
      style="top: 40px;"
    >
      <div>
        <div
          class="p-0"
        />
        <div
          class="p-0"
          style="height: 40px; width: 384px;"
        >
          <div
            class="grid h-full"
            style="grid-template-columns: minmax(128px, 128px) repeat(3, 128px); height: 40px;"
          >
            <div />
            <div
              class="flex justify-center"
            >
              <div
                class="border-muted h-full border-dashed"
                style="border-left-width: 2px;"
              />
            </div>
            <div
              class="flex justify-center"
            >
              <div
                class="border-muted h-full border-dashed"
                style="border-left-width: 2px;"
              />
            </div>
          </div>
        </div>
      </div>
    </div>
    <div
      class="p-0 relative pr-8"
    >
      <div
        class="relative h-full p-0 flex items-center px-0"
        style="margin-left: 0px;"
      >
        <div
          class="inline"
          style="margin-left: 16px;"
        >
          JBDSQEI...
        </div>
      </div>
    </div>
    <div
      class="flex items-center justify-center z-10"
      data-state="closed"
      style="grid-column-start: 2; grid-column-end: 4; color: rgb(126 200 191);"
    >
      <svg
        height="20"
        viewBox="0 0 21 21"
        width="20"
        xmlns="http://www.w3.org/2000/svg"
        xmlns:xlink="http://www.w3.org/1999/xlink"
      >
        <g
          transform="matrix(1 0 0 1 -153 -143 )"
        >
          <path
            d="M 163.5 143  C 169.38 143  174 147.62  174 153.5  C 174 159.38  169.38 164  163.5 164  C 157.62 164  153 159.38  153 153.5  C 153 147.62  157.62 143  163.5 143  Z "
            fill="currentColor"
            fill-rule="nonzero"
            stroke="none"
          />
        </g>
      </svg>
      <div
        class="relative"
        style="width: calc(50.00% - 20px); height: 20px;"
      >
        <div
          class="h-1/2"
          style="border-bottom-width: 2px;"
        />
        <svg
          class="absolute top-0 right-0"
          height="19px"
          preserveAspectRatio="xMinYMid meet"
          viewBox="340 139 1 13"
          width="11px"
          xmlns="http://www.w3.org/2000/svg"
          xmlns:xlink="http://www.w3.org/1999/xlink"
        >
          <path
            d="M 340.3 151.3 L 347 145.3 L 340.3 139.3 L 342.6 145.3 L 340.3 151.3 Z"
            fill="currentColor"
            fill-rule="nonzero"
            stroke="none"
          />
        </svg>
      </div>
      <div
        class="absolute z-20 bg-card p-2 text-foreground w-20 text-xs"
      >
        Transfer
        <div
          class=""
        >
          0.3
           
          AKTA
        </div>
      </div>
      <svg
        height="20"
        viewBox="0 0 21 21"
        width="20"
        xmlns="http://www.w3.org/2000/svg"
        xmlns:xlink="http://www.w3.org/1999/xlink"
      >
        <g
          transform="matrix(1 0 0 1 -153 -143 )"
        >
          <path
            d="M 163.5 143  C 169.38 143  174 147.62  174 153.5  C 174 159.38  169.38 164  163.5 164  C 157.62 164  153 159.38  153 153.5  C 153 147.62  157.62 143  163.5 143  Z "
            fill="currentColor"
            fill-rule="nonzero"
            stroke="none"
          />
        </g>
      </svg>
    </div>
    <div />
  </div>
</div>