<div>
  <div
    class="relative grid"
    style="grid-template-columns: minmax(128px, 128px) repeat(2, 128px); grid-template-rows: repeat(2, 40px);"
  >
    <div />
    <div
      class="p-2 flex justify-center"
    >
      <h1
        class="text-l font-semibold"
      >
        <a
          class="text-primary underline"
          href="/explore/account/SMO6HD4QPUGP2PI5HVE6SXQPBXGXOHB6HFKXY4RMUWM56S7BVDK2U7ALKU"
        >
          <abbr
            title="SMO6HD4QPUGP2PI5HVE6SXQPBXGXOHB6HFKXY4RMUWM56S7BVDK2U7ALKU"
          >
            SMO6...ALKU
          </abbr>
        </a>
      </h1>
    </div>
    <div
      class="p-2 flex justify-center"
    >
      <h1
        class="text-l font-semibold"
      >
        <a
          class="text-primary underline"
          href="/explore/account/"
        >
          <abbr
            title=""
          />
        </a>
      </h1>
    </div>
    <div
      class="absolute left-0"
      style="top: 40px;"
    >
      <div>
        <div
          class="p-0"
        />
        <div
          class="p-0"
          style="height: 40px; width: 256px;"
        >
          <div
            class="grid h-full"
            style="grid-template-columns: minmax(128px, 128px) repeat(2, 128px); height: 40px;"
          >
            <div />
            <div
              class="flex justify-center"
            >
              <div
                class="border-muted h-full border-dashed"
                style="border-left-width: 2px;"
              />
            </div>
          </div>
        </div>
      </div>
    </div>
    <div
      class="p-0 relative pr-8"
    >
      <div
        class="relative h-full p-0 flex items-center px-0"
        style="margin-left: 0px;"
      >
        <div
          class="inline"
          style="margin-left: 16px;"
        >
          <a
            class="text-primary underline inline"
            href="/explore/transaction/563MNGEL2OF4IBA7CFLIJNMBETT5QNKZURSLIONJBTJFALGYOAUA"
          >
            <abbr
              title="563MNGEL2OF4IBA7CFLIJNMBETT5QNKZURSLIONJBTJFALGYOAUA"
            >
              563MNGE...
            </abbr>
          </a>
        </div>
      </div>
    </div>
    <div
      class="flex items-center justify-center relative z-10"
      data-state="closed"
      style="grid-column-start: 2; grid-column-end: 4; color: rgb(126 200 191);"
    >
      <svg
        height="20"
        viewBox="0 0 21 21"
        width="20"
        xmlns="http://www.w3.org/2000/svg"
        xmlns:xlink="http://www.w3.org/1999/xlink"
      >
        <g
          transform="matrix(1 0 0 1 -153 -143 )"
        >
          <path
            d="M 163.5 143  C 169.38 143  174 147.62  174 153.5  C 174 159.38  169.38 164  163.5 164  C 157.62 164  153 159.38  153 153.5  C 153 147.62  157.62 143  163.5 143  Z "
            fill="currentColor"
            fill-rule="nonzero"
            stroke="none"
          />
        </g>
      </svg>
      <div
        style="width: 50%; height: 20px;"
      >
        <svg
          class="relative"
          height="19px"
          preserveAspectRatio="xMinYMid meet"
          style=""
          viewBox="159 229 7 10"
          width="11px"
          xmlns="http://www.w3.org/2000/svg"
          xmlns:xlink="http://www.w3.org/1999/xlink"
        >
          <path
            d="M 165.8 228.1 L 159.1 234.1 L 165.8 240.1 L 163.5 234.1 L 165.8 228.1 Z"
            fill="currentColor"
            fill-rule="nonzero"
            stroke="none"
          />
        </svg>
      </div>
      <div
        class="absolute size-1/2"
        style="border-width: 2px; border-radius: 4px; bottom: 1px; right: 25%;"
      />
      <div
        class="absolute text-foreground right-1/4 w-[40%] flex justify-center"
      >
        <div
          class="w-min pl-1 pr-1 bg-card"
        >
          0
           
          <a
            class="text-primary underline"
            href="/explore/asset/312769"
          >
            USDt
          </a>
        </div>
      </div>
    </div>
  </div>
</div>