<div>
  <div
    id="visual-transactions"
  >
    <div
      class="relative grid"
      style="grid-template-columns: minmax(100px, 100px) repeat(2, 140px);"
    >
      <div />
      <div
        class="p-2 flex justify-center"
      >
        <span
          class="text-l font-semibold"
        >
          <div
            class="flex gap-0.5 items-center justify-center"
          >
            <div
              class="shrink-0 basis-4"
            />
            <div>
              <div
                class="flex items-center"
              >
                <a
                  class="text-primary underline"
                  href="/localnet/account/SMO6HD4QPUGP2PI5HVE6SXQPBXGXOHB6HFKXY4RMUWM56S7BVDK2U7ALKU"
                >
                  <abbr
                    class="tracking-wide"
                    title="SMO6HD4QPUGP2PI5HVE6SXQPBXGXOHB6HFKXY4RMUWM56S7BVDK2U7ALKU"
                  >
                    SMO6…ALKU
                  </abbr>
                </a>
              </div>
            </div>
            <div
              class="shrink-0 basis-4"
            >
              <div
                class="flex size-4 items-center justify-center overflow-hidden rounded-full border border-primary text-[0.6rem] text-primary"
              >
                1
              </div>
            </div>
          </div>
        </span>
      </div>
      <div
        class="p-2 flex justify-center"
      >
        <span
          class="text-l font-semibold"
        />
      </div>
    </div>
    <div
      class="relative grid"
      style="grid-template-columns: minmax(100px, 100px) repeat(2, 140px); grid-template-rows: repeat(1, 40px);"
    >
      <div
        class="absolute left-0"
      >
        <div>
          <div
            class="p-0"
          />
          <div
            class="p-0"
            style="height: 40px; width: 280px;"
          >
            <div
              class="grid h-full"
              style="grid-template-columns: minmax(100px, 100px) repeat(2, 140px); height: 40px;"
            >
              <div />
              <div
                class="flex justify-center"
              >
                <div
                  class="border h-full border-dashed"
                  style="border-left-width: 1px;"
                />
              </div>
            </div>
          </div>
        </div>
      </div>
      <div
        class="p-0 relative"
      >
        <div
          class="relative h-full p-0 flex items-center px-0"
          style="margin-left: 0px;"
        >
          <div
            class="inline"
            style="margin-left: 0px;"
          >
            <div
              class="flex items-center"
            >
              <a
                class="text-primary underline inline"
                href="/localnet/transaction/563MNGEL2OF4IBA7CFLIJNMBETT5QNKZURSLIONJBTJFALGYOAUA"
              >
                <abbr
                  class="tracking-wide"
                  title="563MNGEL2OF4IBA7CFLIJNMBETT5QNKZURSLIONJBTJFALGYOAUA"
                >
                  563MNGE…
                </abbr>
              </a>
            </div>
          </div>
        </div>
      </div>
      <div
        class="flex items-center justify-center relative z-10"
        data-state="closed"
        style="grid-column-start: 2; grid-column-end: 4;"
      >
        <div
          class="inline-flex size-5 items-center justify-center overflow-hidden rounded-full border bg-card text-[0.6rem] border-asset-transfer z-10"
        />
        <div
          class="text-asset-transfer"
          style="width: 50%; height: 20px;"
        >
          <svg
            class="relative"
            height="20px"
            preserveAspectRatio="xMinYMid meet"
            style=""
            viewBox="0 0 20 20"
            width="20px"
            xmlns="http://www.w3.org/2000/svg"
            xmlns:xlink="http://www.w3.org/1999/xlink"
          >
            <path
              d="M 14 15 L 20 10 L 14 5 L 14 10 L 14 16 Z"
              fill="currentColor"
              fill-rule="nonzero"
              stroke="none"
              transform="scale(-1, 1) translate(-20, 0)"
            />
          </svg>
        </div>
        <div
          class="absolute size-1/2 text-asset-transfer border-asset-transfer"
          style="border-width: 1px; border-radius: 4px; bottom: 0.5px; right: 25%;"
        />
        <div
          class="absolute flex w-1/2 justify-center text-xs text-asset-transfer"
        >
          <div
            class="z-20 bg-card p-0.5 text-xs text-center"
          >
            <span>
              Transfer
            </span>
            <div
              class="flex justify-center"
            >
              <div
                class="flex items-center gap-1"
              >
                <span>
                  0
                </span>
                <div
                  class="flex items-center"
                >
                  <a
                    class="underline text-asset-transfer"
                    href="/localnet/asset/312769"
                  >
                    USDt
                  </a>
                </div>
              </div>
            </div>
          </div>
        </div>
      </div>
    </div>
  </div>
</div>