<div>
  <div
    aria-label="Visual representation of transactions"
    class="w-min bg-card"
  >
    <div
      class="relative grid"
      style="grid-template-columns: minmax(100px, 100px) repeat(2, 140px);"
    >
      <div />
      <div
        class="p-2 flex justify-center"
      >
        <div
          class="text-l font-semibold w-full"
        >
          <div
            class="grid text-center"
          >
            <div
              class="flex gap-0.5 items-center justify-center overflow-hidden"
            >
              <div
                class="shrink-0 basis-4"
              />
              <div
                class="flex items-center overflow-hidden"
              >
                <a
                  class="text-primary underline truncate"
                  href="/localnet/account/6MO6VE4DBZ2ZKNHHY747LABB5QGSH6V6IQ4EZZW2HXDFXHHQVKRIVRHSJM"
                >
                  <abbr
                    class="tracking-wide"
                    title="6MO6VE4DBZ2ZKNHHY747LABB5QGSH6V6IQ4EZZW2HXDFXHHQVKRIVRHSJM"
                  >
                    6MO6…HSJM
                  </abbr>
                </a>
              </div>
              <div
                class="shrink-0 basis-4"
              >
                <div
                  class="flex size-4 items-center justify-center overflow-hidden rounded-full border border-primary text-[0.6rem] text-primary"
                >
                  1
                </div>
              </div>
            </div>
          </div>
        </div>
      </div>
      <div
        class="p-2 flex justify-center"
      >
        <div
          class="text-l font-semibold w-full"
        >
          <div
            class="grid text-center"
          >
            <div
              class="flex gap-0.5 items-center justify-center overflow-hidden"
            >
              <div
                class="shrink-0 basis-4"
              />
              <div
                class="flex items-center overflow-hidden"
              >
                <a
                  class="text-primary underline truncate"
                  href="/localnet/account/OCD5PQECXPYOVTLWVS3FHIODQX5FOV4QNNVMU22BSVDMP2FAJD52OV4IFA"
                >
                  <abbr
                    class="tracking-wide"
                    title="OCD5PQECXPYOVTLWVS3FHIODQX5FOV4QNNVMU22BSVDMP2FAJD52OV4IFA"
                  >
                    OCD5…4IFA
                  </abbr>
                </a>
              </div>
              <div
                class="shrink-0 basis-4"
              >
                <div
                  class="flex size-4 items-center justify-center overflow-hidden rounded-full border border-primary text-[0.6rem] text-primary"
                >
                  2
                </div>
              </div>
            </div>
          </div>
        </div>
      </div>
    </div>
    <div
      class="relative grid"
      style="grid-template-columns: minmax(100px, 100px) repeat(2, 140px); grid-template-rows: repeat(1, 40px);"
    >
      <div
        class="absolute left-0"
      >
        <div>
          <div
            class="p-0"
          />
          <div
            class="p-0"
            style="height: 40px; width: 280px;"
          >
            <div
              class="grid h-full"
              style="grid-template-columns: minmax(100px, 100px) repeat(2, 140px); height: 40px;"
            >
              <div />
              <div
                class="flex justify-center"
              >
                <div
                  class="border h-full border-dashed"
                  style="border-left-width: 1px;"
                />
              </div>
              <div
                class="flex justify-center"
              >
                <div
                  class="border h-full border-dashed"
                  style="border-left-width: 1px;"
                />
              </div>
            </div>
          </div>
        </div>
      </div>
      <div
        class="p-0 relative"
      >
        <div
          class="relative h-full p-0 flex items-center px-0"
          style="margin-left: 0px;"
        >
          <div
            class="inline"
            style="margin-left: 0px;"
          >
            <div
              class="flex items-center"
            >
              <a
                class="text-primary underline inline"
                href="/localnet/transaction/JBDSQEI37W5KWPQICT2IGCG2FWMUGJEUYYK3KFKNSYRNAXU2ARUA"
              >
                <abbr
                  class="tracking-wide text-primary"
                  title="JBDSQEI37W5KWPQICT2IGCG2FWMUGJEUYYK3KFKNSYRNAXU2ARUA"
                >
                  JBDSQEI…
                </abbr>
              </a>
            </div>
          </div>
        </div>
      </div>
      <div
        class="flex items-center justify-center z-10 relative text-asset-transfer"
        data-state="closed"
        style="grid-column-start: 2; grid-column-end: 4;"
      >
        <div
          class="inline-flex relative size-5 items-center justify-center overflow-hidden rounded-full border text-[0.6rem] border-asset-transfer bg-card"
        >
          1
        </div>
        <div
          class="relative"
          style="width: calc(50.00% - 20px); height: 20px;"
        >
          <div
            class="border-asset-transfer"
            style="height: calc(50% + 0.5px); border-bottom-width: 1px; margin: 0px 1px 0px 0px;"
          />
          <span
            class="absolute right-0 top-0"
          >
            <svg
              height="20px"
              preserveAspectRatio="xMinYMid meet"
              viewBox="0 0 20 20"
              width="20px"
              xmlns="http://www.w3.org/2000/svg"
              xmlns:xlink="http://www.w3.org/1999/xlink"
            >
              <path
                d="M 14 15 L 20 10 L 14 5 L 14 10 L 14 16 Z"
                fill="currentColor"
                fill-rule="nonzero"
                stroke="none"
              />
            </svg>
          </span>
        </div>
        <div
          class="absolute flex max-w-[35%] justify-center "
        >
          <div
            class="z-20 p-0.5 text-xs text-center w-full bg-card"
          >
            <span>
              Transfer
            </span>
            <div
              class="flex justify-center text-asset-transfer"
            >
              <div
                class="flex items-center gap-1"
              >
                <span>
                  0.3
                </span>
                <a
                  class="underline text-asset-transfer"
                  href="/localnet/asset/523683256"
                >
                  AKTA
                </a>
              </div>
            </div>
          </div>
        </div>
        <div
          class="inline-flex relative size-5 items-center justify-center overflow-hidden rounded-full border text-[0.6rem] border-asset-transfer bg-card"
        >
          2
        </div>
      </div>
    </div>
  </div>
  <div
    class="sticky bottom-0 left-full z-50 flex size-0 overflow-visible"
  >
    <button
      class="inline-flex items-center justify-center whitespace-nowrap rounded-md text-sm font-medium ring-offset-background transition-colors focus-visible:outline-none focus-visible:ring-2 focus-visible:ring-ring focus-visible:ring-offset-2 disabled:pointer-events-none disabled:opacity-50 border border-input bg-transparent hover:bg-accent hover:text-accent-foreground h-10 px-4 py-2 absolute bottom-1 right-0 w-32"
      id="download-transactions-visual"
    >
      <svg
        class="lucide lucide-download mr-2 size-4"
        fill="none"
        height="24"
        stroke="currentColor"
        stroke-linecap="round"
        stroke-linejoin="round"
        stroke-width="2"
        viewBox="0 0 24 24"
        width="24"
        xmlns="http://www.w3.org/2000/svg"
      >
        <path
          d="M21 15v4a2 2 0 0 1-2 2H5a2 2 0 0 1-2-2v-4"
        />
        <polyline
          points="7 10 12 15 17 10"
        />
        <line
          x1="12"
          x2="12"
          y1="15"
          y2="3"
        />
      </svg>
      Download
    </button>
  </div>
</div>