<div>
  <div
    aria-label="Visual representation of transactions"
    class="w-min bg-card"
  >
    <div
      class="relative grid"
      style="grid-template-columns: minmax(100px, 100px) repeat(3, 140px);"
    >
      <div />
      <div
        class="p-2 flex justify-center"
      >
        <div
          class="text-l font-semibold w-full"
        >
          <div
            class="grid text-center"
          >
            <div
              class="flex gap-0.5 items-center justify-center overflow-hidden"
            >
              <div
                class="shrink-0 basis-4"
              />
              <div
                class="flex items-center overflow-hidden"
              >
                <a
                  class="text-primary underline truncate"
                  href="/localnet/account/VCPEKOG3WYU6RA6KSM3IZGDF63ZFGQYNNUC7QCDEYF6OT2T3B3F6HVN5S4"
                >
                  <abbr
                    class="tracking-wide"
                    title="VCPEKOG3WYU6RA6KSM3IZGDF63ZFGQYNNUC7QCDEYF6OT2T3B3F6HVN5S4"
                  >
                    VCPE…N5S4
                  </abbr>
                </a>
              </div>
              <div
                class="shrink-0 basis-4"
              >
                <div
                  class="flex size-4 items-center justify-center overflow-hidden rounded-full border border-primary text-[0.6rem] text-primary"
                >
                  1
                </div>
              </div>
            </div>
          </div>
        </div>
      </div>
      <div
        class="p-2 flex justify-center"
      >
        <div
          class="text-l font-semibold w-full"
        >
          <div
            class="grid text-center"
          >
            <div
              class="flex gap-0.5 items-center justify-center overflow-hidden"
            >
              <div
                class="shrink-0 basis-4"
              />
              <div
                class="flex items-center overflow-hidden"
              >
                <a
                  class="text-primary underline truncate"
                  href="/localnet/account/GYLUGN4H7Z45AW2BHYFLWS2YUMTK2MI6YANBFPW3SCHYXFRCACYXJDPSPI"
                >
                  <abbr
                    class="tracking-wide"
                    title="GYLUGN4H7Z45AW2BHYFLWS2YUMTK2MI6YANBFPW3SCHYXFRCACYXJDPSPI"
                  >
                    GYLU…PSPI
                  </abbr>
                </a>
              </div>
              <div
                class="shrink-0 basis-4"
              >
                <div
                  class="flex size-4 items-center justify-center overflow-hidden rounded-full border border-primary text-[0.6rem] text-primary"
                >
                  2
                </div>
              </div>
            </div>
            <div
              class="flex gap-0.5 items-center justify-center overflow-hidden"
            >
              <div
                class="shrink-0 basis-4"
              >
                <svg
                  class="text-primary"
                  fill="none"
                  height="16"
                  stroke="currentColor"
                  stroke-linecap="round"
                  stroke-linejoin="round"
                  stroke-width="2"
                  viewBox="0 0 24 24"
                  width="16"
                  xmlns="http://www.w3.org/2000/svg"
                >
                  <defs />
                  <circle
                    cx="11"
                    cy="4"
                    r="2"
                  />
                  <circle
                    cx="18"
                    cy="8"
                    r="2"
                  />
                  <circle
                    cx="20"
                    cy="16"
                    r="2"
                  />
                  <path
                    d="M9 10a5 5 0 0 1 5 5v3.5a3.5 3.5 0 0 1-6.84 1.045Q6.52 17.48 4.46 16.84A3.5 3.5 0 0 1 5.5 10Z"
                  />
                  <path
                    d="M 11.584 1.639 C 13.015 1.191 17.355 0.694 16.079 1.481 C 15.194 2.027 14.372 2.309 13.734 3.188"
                    fill="currentColor"
                    stroke-width="1"
                  />
                  <path
                    d="M 19.33 5.755 C 22.279 4.832 22.736 4.654 20.623 7.461"
                    fill="currentColor"
                    stroke-width="1"
                  />
                  <path
                    d="M 21.515 13.649 C 23.224 13.225 23.573 12.941 22.569 14.781"
                    fill="currentColor"
                    stroke-width="1"
                  />
                </svg>
              </div>
              <div
                class="flex items-center overflow-hidden"
              >
                <a
                  class="text-primary underline truncate"
                  href="/localnet/account/VCPEKOG3WYU6RA6KSM3IZGDF63ZFGQYNNUC7QCDEYF6OT2T3B3F6HVN5S4"
                >
                  <abbr
                    class="tracking-wide"
                    title="VCPEKOG3WYU6RA6KSM3IZGDF63ZFGQYNNUC7QCDEYF6OT2T3B3F6HVN5S4"
                  >
                    VCPE…N5S4
                  </abbr>
                </a>
              </div>
              <div
                class="shrink-0 basis-4"
              >
                <div
                  class="flex size-4 items-center justify-center overflow-hidden rounded-full border border-primary text-[0.6rem] text-primary"
                >
                  1
                </div>
              </div>
            </div>
          </div>
        </div>
      </div>
      <div
        class="p-2 flex justify-center"
      >
        <div
          class="text-l font-semibold w-full"
        />
      </div>
    </div>
    <div
      class="relative grid"
      style="grid-template-columns: minmax(100px, 100px) repeat(3, 140px); grid-template-rows: repeat(4, 40px);"
    >
      <div
        class="absolute left-0"
      >
        <div>
          <div
            class="p-0"
          />
          <div
            class="p-0"
            style="height: 160px; width: 420px;"
          >
            <div
              class="grid h-full"
              style="grid-template-columns: minmax(100px, 100px) repeat(3, 140px); height: 160px;"
            >
              <div />
              <div
                class="flex justify-center"
              >
                <div
                  class="border h-full border-dashed"
                  style="border-left-width: 1px;"
                />
              </div>
              <div
                class="flex justify-center"
              >
                <div
                  class="border h-full border-dashed"
                  style="border-left-width: 1px;"
                />
              </div>
            </div>
          </div>
        </div>
      </div>
      <div
        class="p-0 relative"
      >
        <div
          class="relative h-full p-0 flex items-center px-0"
          style="margin-left: 0px;"
        >
          <div
            class="inline"
            style="margin-left: 0px;"
          >
            <div
              class="flex items-center"
            >
              <a
                class="text-primary underline inline"
                href="/localnet/transaction/K7TNWCBB5PYBX5OVSYPSD3VCKD4BYLRHWG43KWJ7JOJ7Z6UFUFWQ"
              >
                <abbr
                  class="tracking-wide text-primary"
                  title="K7TNWCBB5PYBX5OVSYPSD3VCKD4BYLRHWG43KWJ7JOJ7Z6UFUFWQ"
                >
                  K7TNWCB…
                </abbr>
              </a>
            </div>
          </div>
        </div>
      </div>
      <div
        class="flex items-center justify-center relative z-10 text-asset-transfer"
        data-state="closed"
        style="grid-column-start: 2; grid-column-end: 4;"
      >
        <div
          class="inline-flex relative size-5 items-center justify-center overflow-hidden rounded-full border text-[0.6rem] border-asset-transfer z-10 bg-card"
        >
          1
        </div>
        <div
          style="width: 50%; height: 20px;"
        >
          <svg
            class="relative"
            height="20px"
            preserveAspectRatio="xMinYMid meet"
            style=""
            viewBox="0 0 20 20"
            width="20px"
            xmlns="http://www.w3.org/2000/svg"
            xmlns:xlink="http://www.w3.org/1999/xlink"
          >
            <path
              d="M 14 15 L 20 10 L 14 5 L 14 10 L 14 16 Z"
              fill="currentColor"
              fill-rule="nonzero"
              stroke="none"
              transform="scale(-1, 1) translate(-20, 0)"
            />
          </svg>
        </div>
        <div
          class="absolute size-1/2 border-asset-transfer"
          style="border-width: 1px; border-radius: 4px; bottom: 0.5px; right: 25%;"
        />
        <div
          class="absolute flex w-1/2 justify-center text-xs"
        >
          <div
            class="z-20 p-0.5 text-xs text-center bg-card"
          >
            <span>
              Transfer
            </span>
            <div
              class="flex justify-center"
            >
              <div
                class="flex items-center gap-1"
              >
                <span>
                  0
                </span>
                <a
                  class="underline text-asset-transfer"
                  href="/localnet/asset/705736233"
                >
                  test
                </a>
              </div>
            </div>
          </div>
        </div>
      </div>
      <div />
      <div
        class="p-0 relative"
      >
        <div
          class="relative h-full p-0 flex items-center px-0"
          style="margin-left: 0px;"
        >
          <div
            class="inline"
            style="margin-left: 0px;"
          >
            <div
              class="flex items-center"
            >
              <a
                class="text-primary underline inline"
                href="/localnet/transaction/44PALBEBH652BYUIT7SZF5PFWJ7KYSBFJYOPSLYX6KM3G47P53VA"
              >
                <abbr
                  class="tracking-wide text-primary"
                  title="44PALBEBH652BYUIT7SZF5PFWJ7KYSBFJYOPSLYX6KM3G47P53VA"
                >
                  44PALBE…
                </abbr>
              </a>
            </div>
          </div>
        </div>
      </div>
      <div
        class="flex items-center justify-center relative z-10 text-asset-transfer"
        data-state="closed"
        style="grid-column-start: 3; grid-column-end: 5;"
      >
        <div
          class="inline-flex relative size-5 items-center justify-center overflow-hidden rounded-full border text-[0.6rem] border-asset-transfer z-10 bg-card"
        >
          2
        </div>
        <div
          style="width: 50%; height: 20px;"
        >
          <svg
            class="relative"
            height="20px"
            preserveAspectRatio="xMinYMid meet"
            style=""
            viewBox="0 0 20 20"
            width="20px"
            xmlns="http://www.w3.org/2000/svg"
            xmlns:xlink="http://www.w3.org/1999/xlink"
          >
            <path
              d="M 14 15 L 20 10 L 14 5 L 14 10 L 14 16 Z"
              fill="currentColor"
              fill-rule="nonzero"
              stroke="none"
              transform="scale(-1, 1) translate(-20, 0)"
            />
          </svg>
        </div>
        <div
          class="absolute size-1/2 border-asset-transfer"
          style="border-width: 1px; border-radius: 4px; bottom: 0.5px; right: 25%;"
        />
        <div
          class="absolute flex w-1/2 justify-center text-xs"
        >
          <div
            class="z-20 p-0.5 text-xs text-center bg-card"
          >
            <span>
              Transfer
            </span>
            <div
              class="flex justify-center"
            >
              <div
                class="flex items-center gap-1"
              >
                <span>
                  0
                </span>
                <a
                  class="underline text-asset-transfer"
                  href="/localnet/asset/705736233"
                >
                  test
                </a>
              </div>
            </div>
          </div>
        </div>
      </div>
      <div
        class="p-0 relative"
      >
        <div
          class="relative h-full p-0 flex items-center px-0"
          style="margin-left: 0px;"
        >
          <div
            class="inline"
            style="margin-left: 0px;"
          >
            <div
              class="flex items-center"
            >
              <a
                class="text-primary underline inline"
                href="/localnet/transaction/23RVHEI5OQZWQ5D6NNLOVOKA7LFKSUZEWEWEBDNCBI5GY4HPZS5A"
              >
                <abbr
                  class="tracking-wide text-primary"
                  title="23RVHEI5OQZWQ5D6NNLOVOKA7LFKSUZEWEWEBDNCBI5GY4HPZS5A"
                >
                  23RVHEI…
                </abbr>
              </a>
            </div>
          </div>
        </div>
      </div>
      <div
        class="flex items-center justify-center z-10 relative text-asset-transfer"
        data-state="closed"
        style="grid-column-start: 2; grid-column-end: 4;"
      >
        <div
          class="inline-flex relative size-5 items-center justify-center overflow-hidden rounded-full border text-[0.6rem] border-asset-transfer bg-card"
        >
          1
        </div>
        <div
          class="relative"
          style="width: calc(50.00% - 20px); height: 20px;"
        >
          <span
            class="absolute left-0 top-0"
          >
            <svg
              height="20px"
              preserveAspectRatio="xMinYMid meet"
              viewBox="0 0 20 20"
              width="20px"
              xmlns="http://www.w3.org/2000/svg"
              xmlns:xlink="http://www.w3.org/1999/xlink"
            >
              <path
                d="M 14 15 L 20 10 L 14 5 L 14 10 L 14 16 Z"
                fill="currentColor"
                fill-rule="nonzero"
                stroke="none"
                transform="scale(-1, 1) translate(-20, 0)"
              />
            </svg>
          </span>
          <div
            class="border-asset-transfer"
            style="height: calc(50% + 0.5px); border-bottom-width: 1px; margin: 0px 0px 0px 1px;"
          />
        </div>
        <div
          class="absolute flex max-w-[35%] justify-center "
        >
          <div
            class="z-20 p-0.5 text-xs text-center w-full bg-card"
          >
            <span>
              Transfer
            </span>
            <div
              class="flex justify-center text-asset-transfer"
            >
              <div
                class="flex items-center gap-1"
              >
                <span>
                  1
                </span>
                <a
                  class="underline text-asset-transfer"
                  href="/localnet/asset/705736233"
                >
                  test
                </a>
              </div>
            </div>
          </div>
        </div>
        <div
          class="inline-flex relative size-5 items-center justify-center overflow-hidden rounded-full border text-[0.6rem] border-asset-transfer bg-card"
        >
          2
        </div>
      </div>
      <div />
      <div
        class="p-0 relative"
      >
        <div
          class="relative h-full p-0 flex items-center px-0"
          style="margin-left: 0px;"
        >
          <div
            class="inline"
            style="margin-left: 0px;"
          >
            <div
              class="flex items-center"
            >
              <a
                class="text-primary underline inline"
                href="/localnet/transaction/7XSI3OKXOEHSGVUZDTIYWGBKU3G65XZPRLNCFGNYH3SJWGXVR3AQ"
              >
                <abbr
                  class="tracking-wide text-primary"
                  title="7XSI3OKXOEHSGVUZDTIYWGBKU3G65XZPRLNCFGNYH3SJWGXVR3AQ"
                >
                  7XSI3OK…
                </abbr>
              </a>
            </div>
          </div>
        </div>
      </div>
      <div
        class="flex items-center justify-center relative z-10 text-asset-transfer"
        data-state="closed"
        style="grid-column-start: 3; grid-column-end: 5;"
      >
        <div
          class="inline-flex relative size-5 items-center justify-center overflow-hidden rounded-full border text-[0.6rem] border-asset-transfer z-10 bg-card"
        />
        <div
          style="width: 50%; height: 20px;"
        >
          <svg
            class="relative"
            height="20px"
            preserveAspectRatio="xMinYMid meet"
            style=""
            viewBox="0 0 20 20"
            width="20px"
            xmlns="http://www.w3.org/2000/svg"
            xmlns:xlink="http://www.w3.org/1999/xlink"
          >
            <path
              d="M 14 15 L 20 10 L 14 5 L 14 10 L 14 16 Z"
              fill="currentColor"
              fill-rule="nonzero"
              stroke="none"
              transform="scale(-1, 1) translate(-20, 0)"
            />
          </svg>
        </div>
        <div
          class="absolute size-1/2 border-asset-transfer"
          style="border-width: 1px; border-radius: 4px; bottom: 0.5px; right: 25%;"
        />
        <div
          class="absolute flex w-1/2 justify-center text-xs"
        >
          <div
            class="z-20 p-0.5 text-xs text-center bg-card"
          >
            <span>
              Clawback
            </span>
            <div
              class="flex justify-center"
            >
              <div
                class="flex items-center gap-1"
              >
                <span>
                  1
                </span>
                <a
                  class="underline text-asset-transfer"
                  href="/localnet/asset/705736233"
                >
                  test
                </a>
              </div>
            </div>
          </div>
        </div>
      </div>
    </div>
  </div>
  <div
    class="sticky bottom-0 left-full z-50 flex size-0 overflow-visible"
  >
    <button
      class="inline-flex items-center justify-center whitespace-nowrap rounded-md text-sm font-medium ring-offset-background transition-colors focus-visible:outline-none focus-visible:ring-2 focus-visible:ring-ring focus-visible:ring-offset-2 disabled:pointer-events-none disabled:opacity-50 border border-input bg-transparent hover:bg-accent hover:text-accent-foreground h-10 px-4 py-2 absolute bottom-1 right-0 w-32"
      id="download-transactions-visual"
    >
      <svg
        class="lucide lucide-download mr-2 size-4"
        fill="none"
        height="24"
        stroke="currentColor"
        stroke-linecap="round"
        stroke-linejoin="round"
        stroke-width="2"
        viewBox="0 0 24 24"
        width="24"
        xmlns="http://www.w3.org/2000/svg"
      >
        <path
          d="M21 15v4a2 2 0 0 1-2 2H5a2 2 0 0 1-2-2v-4"
        />
        <polyline
          points="7 10 12 15 17 10"
        />
        <line
          x1="12"
          x2="12"
          y1="15"
          y2="3"
        />
      </svg>
      Download
    </button>
  </div>
</div>