<div>
  <div
    class="relative grid"
    style="grid-template-columns: minmax(100px, 100px) repeat(2, 140px);"
  >
    <div />
    <div
      class="p-2 flex justify-center"
    >
      <span
        class="text-l font-semibold"
      >
        <div
          class="flex gap-0.5 items-center justify-center"
        >
          <div
            class="shrink-0 basis-4"
          />
          <div>
            <div
              class="flex items-center"
            >
              <a
                class="text-primary underline"
                href="/localnet/account/TDV4LF2HO7NWHQPDQWTQWXWXKZ4W6N7UA2N6GJ6PKP6WSP6J2YIPUCQNHM"
              >
                <abbr
                  class="tracking-wide"
                  title="TDV4LF2HO7NWHQPDQWTQWXWXKZ4W6N7UA2N6GJ6PKP6WSP6J2YIPUCQNHM"
                >
                  TDV4…QNHM
                </abbr>
              </a>
            </div>
          </div>
          <div
            class="shrink-0 basis-4"
          >
            <div
              class="flex size-4 items-center justify-center overflow-hidden rounded-full border border-primary text-[0.6rem] text-primary"
            >
              1
            </div>
          </div>
        </div>
      </span>
    </div>
    <div
      class="p-2 flex justify-center"
    >
      <span
        class="text-l font-semibold"
      />
    </div>
  </div>
  <div
    class="relative grid"
    style="grid-template-columns: minmax(100px, 100px) repeat(2, 140px); grid-template-rows: repeat(1, 40px);"
  >
    <div
      class="absolute left-0"
    >
      <div>
        <div
          class="p-0"
        />
        <div
          class="p-0"
          style="height: 40px; width: 280px;"
        >
          <div
            class="grid h-full"
            style="grid-template-columns: minmax(100px, 100px) repeat(2, 140px); height: 40px;"
          >
            <div />
            <div
              class="flex justify-center"
            >
              <div
                class="border h-full border-dashed"
                style="border-left-width: 1px;"
              />
            </div>
          </div>
        </div>
      </div>
    </div>
    <div
      class="p-0 relative"
    >
      <div
        class="relative h-full p-0 flex items-center px-0"
        style="margin-left: 0px;"
      >
        <div
          class="inline"
          style="margin-left: 0px;"
        >
          <div
            class="flex items-center"
          >
            <a
              class="text-primary underline inline"
              href="/localnet/transaction/ILDCD5Z64CYSLEZIHBG5DVME2ITJI2DIVZAPDPEWPCYMTRA5SVGA"
            >
              <abbr
                class="tracking-wide"
                title="ILDCD5Z64CYSLEZIHBG5DVME2ITJI2DIVZAPDPEWPCYMTRA5SVGA"
              >
                ILDCD5Z…
              </abbr>
            </a>
          </div>
        </div>
      </div>
    </div>
    <div
      class="flex items-center justify-center relative z-10"
      data-state="closed"
      style="grid-column-start: 2; grid-column-end: 4;"
    >
      <div
        class="inline-flex size-5 items-center justify-center overflow-hidden rounded-full border bg-card text-[0.6rem] border-payment z-10"
      />
      <div
        class="text-payment"
        style="width: 50%; height: 20px;"
      >
        <svg
          class="relative"
          height="20px"
          preserveAspectRatio="xMinYMid meet"
          style=""
          viewBox="0 0 20 20"
          width="20px"
          xmlns="http://www.w3.org/2000/svg"
          xmlns:xlink="http://www.w3.org/1999/xlink"
        >
          <path
            d="M 14 15 L 20 10 L 14 5 L 14 10 L 14 16 Z"
            fill="currentColor"
            fill-rule="nonzero"
            stroke="none"
            transform="scale(-1, 1) translate(-20, 0)"
          />
        </svg>
      </div>
      <div
        class="absolute size-1/2 text-payment border-payment"
        style="border-width: 1px; border-radius: 4px; bottom: 0.5px; right: 25%;"
      />
      <div
        class="absolute flex w-1/2 justify-center text-xs text-payment"
      >
        <div
          class="inline-flex gap-0.5 w-min pl-1 pr-1 bg-card"
        >
          0
          <svg
            class="h-auto w-2.5"
            height="1em"
            viewBox="0 0 10 10"
            width="1em"
            xmlns="http://www.w3.org/2000/svg"
            xmlns:xlink="http://www.w3.org/1999/xlink"
          >
            <g
              transform="matrix(1 0 0 1 -446 -347 )"
            >
              <path
                d="M 1.7460317460317463 10  L 3.192239858906526 7.495590828924162  L 4.638447971781305 5  L 6.075837742504408 2.495590828924162  L 6.313932980599648 2.0987654320987654  L 6.419753086419753 2.495590828924162  L 6.860670194003527 4.144620811287478  L 6.3668430335097 5  L 4.920634920634921 7.495590828924162  L 3.4832451499118164 10  L 5.211640211640212 10  L 6.657848324514991 7.495590828924162  L 7.4074074074074066 6.1992945326278655  L 7.760141093474426 7.495590828924162  L 8.430335097001764 10  L 9.982363315696649 10  L 9.312169312169312 7.495590828924162  L 8.641975308641975 5  L 8.465608465608465 4.356261022927689  L 9.541446208112875 2.495590828924162  L 7.971781305114638 2.495590828924162  L 7.9188712522045845 2.310405643738977  L 7.372134038800706 0.26455026455026454  L 7.301587301587301 0  L 5.793650793650793 0  L 5.758377425044091 0.05291005291005291  L 4.347442680776014 2.495590828924162  L 2.901234567901235 5  L 1.4638447971781305 7.495590828924162  L 0.017636684303351177 10  L 1.7460317460317463 10  Z "
                fill="currentColor"
                fill-rule="nonzero"
                stroke="none"
                transform="matrix(1 0 0 1 446 347 )"
              />
            </g>
          </svg>
        </div>
      </div>
    </div>
  </div>
</div>