<div>
  <div
    aria-label="Visual representation of transactions"
    class="w-min bg-card"
  >
    <div
      class="relative grid"
      style="grid-template-columns: minmax(100px, 100px) repeat(2, 140px);"
    >
      <div />
      <div
        class="p-2 flex justify-center"
      >
        <div
          class="text-l font-semibold w-full"
        >
          <div
            class="grid text-center"
          >
            <div
              class="flex gap-0.5 items-center justify-center overflow-hidden"
            >
              <div
                class="shrink-0 basis-4"
              />
              <div
                class="flex items-center overflow-hidden"
              >
                <a
                  class="text-primary underline truncate"
                  href="/localnet/account/M3IAMWFYEIJWLWFIIOEDFOLGIVMEOB3F4I3CA4BIAHJENHUUSX63APOXXM"
                >
                  <abbr
                    class="tracking-wide"
                    title="M3IAMWFYEIJWLWFIIOEDFOLGIVMEOB3F4I3CA4BIAHJENHUUSX63APOXXM"
                  >
                    M3IA…OXXM
                  </abbr>
                </a>
              </div>
              <div
                class="shrink-0 basis-4"
              >
                <div
                  class="flex size-4 items-center justify-center overflow-hidden rounded-full border border-primary text-[0.6rem] text-primary"
                >
                  1
                </div>
              </div>
            </div>
          </div>
        </div>
      </div>
      <div
        class="p-2 flex justify-center"
      >
        <div
          class="text-l font-semibold w-full"
        >
          <div
            class="grid text-center"
          >
            <div
              class="flex gap-0.5 items-center justify-center overflow-hidden"
            >
              <div
                class="shrink-0 basis-4"
              />
              <div
                class="flex items-center overflow-hidden"
              >
                <a
                  class="text-primary underline truncate"
                  href="/localnet/account/KIZLH4HUM5ZIB5RVP6DR2IGXB44TGJ6HZUZIAYZFZ63KWCAQB2EZGPU5BQ"
                >
                  <abbr
                    class="tracking-wide"
                    title="KIZLH4HUM5ZIB5RVP6DR2IGXB44TGJ6HZUZIAYZFZ63KWCAQB2EZGPU5BQ"
                  >
                    KIZL…U5BQ
                  </abbr>
                </a>
              </div>
              <div
                class="shrink-0 basis-4"
              >
                <div
                  class="flex size-4 items-center justify-center overflow-hidden rounded-full border border-primary text-[0.6rem] text-primary"
                >
                  2
                </div>
              </div>
            </div>
          </div>
        </div>
      </div>
    </div>
    <div
      class="relative grid"
      style="grid-template-columns: minmax(100px, 100px) repeat(2, 140px); grid-template-rows: repeat(1, 40px);"
    >
      <div
        class="absolute left-0"
      >
        <div>
          <div
            class="p-0"
          />
          <div
            class="p-0"
            style="height: 40px; width: 280px;"
          >
            <div
              class="grid h-full"
              style="grid-template-columns: minmax(100px, 100px) repeat(2, 140px); height: 40px;"
            >
              <div />
              <div
                class="flex justify-center"
              >
                <div
                  class="border h-full border-dashed"
                  style="border-left-width: 1px;"
                />
              </div>
              <div
                class="flex justify-center"
              >
                <div
                  class="border h-full border-dashed"
                  style="border-left-width: 1px;"
                />
              </div>
            </div>
          </div>
        </div>
      </div>
      <div
        class="p-0 relative"
      >
        <div
          class="relative h-full p-0 flex items-center px-0"
          style="margin-left: 0px;"
        >
          <div
            class="inline"
            style="margin-left: 0px;"
          >
            <div
              class="flex items-center"
            >
              <a
                class="text-primary underline inline"
                href="/localnet/transaction/FBORGSDC4ULLWHWZUMUFIYQLSDC26HGLTFD7EATQDY37FHCIYBBQ"
              >
                <abbr
                  class="tracking-wide text-primary"
                  title="FBORGSDC4ULLWHWZUMUFIYQLSDC26HGLTFD7EATQDY37FHCIYBBQ"
                >
                  FBORGSD…
                </abbr>
              </a>
            </div>
          </div>
        </div>
      </div>
      <div
        class="flex items-center justify-center z-10 relative text-payment"
        data-state="closed"
        style="grid-column-start: 2; grid-column-end: 4;"
      >
        <div
          class="inline-flex relative size-5 items-center justify-center overflow-hidden rounded-full border text-[0.6rem] border-payment bg-card"
        >
          1
        </div>
        <div
          class="relative"
          style="width: calc(50.00% - 20px); height: 20px;"
        >
          <div
            class="border-payment"
            style="height: calc(50% + 0.5px); border-bottom-width: 1px; margin: 0px 1px 0px 0px;"
          />
          <span
            class="absolute right-0 top-0"
          >
            <svg
              height="20px"
              preserveAspectRatio="xMinYMid meet"
              viewBox="0 0 20 20"
              width="20px"
              xmlns="http://www.w3.org/2000/svg"
              xmlns:xlink="http://www.w3.org/1999/xlink"
            >
              <path
                d="M 14 15 L 20 10 L 14 5 L 14 10 L 14 16 Z"
                fill="currentColor"
                fill-rule="nonzero"
                stroke="none"
              />
            </svg>
          </span>
        </div>
        <div
          class="absolute flex max-w-[35%] justify-center "
        >
          <div
            class="z-20 p-0.5 text-xs text-center w-full bg-card"
          >
            <span>
              Payment
            </span>
            <div
              class="gap-0.5 flex justify-center"
            >
              236.07
              <svg
                class="h-auto w-2.5"
                height="1em"
                viewBox="0 0 10 10"
                width="1em"
                xmlns="http://www.w3.org/2000/svg"
                xmlns:xlink="http://www.w3.org/1999/xlink"
              >
                <g
                  transform="matrix(1 0 0 1 -446 -347 )"
                >
                  <path
                    d="M 1.7460317460317463 10  L 3.192239858906526 7.495590828924162  L 4.638447971781305 5  L 6.075837742504408 2.495590828924162  L 6.313932980599648 2.0987654320987654  L 6.419753086419753 2.495590828924162  L 6.860670194003527 4.144620811287478  L 6.3668430335097 5  L 4.920634920634921 7.495590828924162  L 3.4832451499118164 10  L 5.211640211640212 10  L 6.657848324514991 7.495590828924162  L 7.4074074074074066 6.1992945326278655  L 7.760141093474426 7.495590828924162  L 8.430335097001764 10  L 9.982363315696649 10  L 9.312169312169312 7.495590828924162  L 8.641975308641975 5  L 8.465608465608465 4.356261022927689  L 9.541446208112875 2.495590828924162  L 7.971781305114638 2.495590828924162  L 7.9188712522045845 2.310405643738977  L 7.372134038800706 0.26455026455026454  L 7.301587301587301 0  L 5.793650793650793 0  L 5.758377425044091 0.05291005291005291  L 4.347442680776014 2.495590828924162  L 2.901234567901235 5  L 1.4638447971781305 7.495590828924162  L 0.017636684303351177 10  L 1.7460317460317463 10  Z "
                    fill="currentColor"
                    fill-rule="nonzero"
                    stroke="none"
                    transform="matrix(1 0 0 1 446 347 )"
                  />
                </g>
              </svg>
            </div>
          </div>
        </div>
        <div
          class="inline-flex relative size-5 items-center justify-center overflow-hidden rounded-full border text-[0.6rem] border-payment bg-card"
        >
          2
        </div>
      </div>
    </div>
  </div>
  <div
    class="sticky bottom-0 left-full z-50 flex size-0 overflow-visible"
  >
    <button
      class="inline-flex items-center justify-center whitespace-nowrap rounded-md text-sm font-medium ring-offset-background transition-colors focus-visible:outline-none focus-visible:ring-2 focus-visible:ring-ring focus-visible:ring-offset-2 disabled:pointer-events-none disabled:opacity-50 border border-input bg-transparent hover:bg-accent hover:text-accent-foreground h-10 px-4 py-2 absolute bottom-1 right-0 w-32"
      id="download-transactions-visual"
    >
      <svg
        class="lucide lucide-download mr-2 size-4"
        fill="none"
        height="24"
        stroke="currentColor"
        stroke-linecap="round"
        stroke-linejoin="round"
        stroke-width="2"
        viewBox="0 0 24 24"
        width="24"
        xmlns="http://www.w3.org/2000/svg"
      >
        <path
          d="M21 15v4a2 2 0 0 1-2 2H5a2 2 0 0 1-2-2v-4"
        />
        <polyline
          points="7 10 12 15 17 10"
        />
        <line
          x1="12"
          x2="12"
          y1="15"
          y2="3"
        />
      </svg>
      Download
    </button>
  </div>
</div>